10:09:06 **** Incremental Build of configuration Debug for project display ****
make -j4 all 
arm-none-eabi-gcc "../Core/Src/main.c" -mcpu=cortex-m3 -std=gnu11 -g3 -DDEBUG -DUSE_HAL_DRIVER -DSTM32F103xB -c -I../Core/Inc -I../Drivers/STM32F1xx_HAL_Driver/Inc -I../Drivers/STM32F1xx_HAL_Driver/Inc/Legacy -I../Drivers/CMSIS/Device/ST/STM32F1xx/Include -I../Drivers/CMSIS/Include -O0 -ffunction-sections -fdata-sections -Wall -fstack-usage -MMD -MP -MF"Core/Src/main.d" -MT"Core/Src/main.o" --specs=nano.specs -mfloat-abi=soft -mthumb -o "Core/Src/main.o"
arm-none-eabi-gcc -o "display.elf" @"objects.list"   -mcpu=cortex-m3 -T"C:\Users\gokhan.tekinok\Desktop\repo\display\STM32F103C8TX_FLASH.ld" --specs=nosys.specs -Wl,-Map="display.map" -Wl,--gc-sections -static --specs=nano.specs -mfloat-abi=soft -mthumb -Wl,--start-group -lc -lm -Wl,--end-group
Finished building target: display.elf
 
arm-none-eabi-size   display.elf 
arm-none-eabi-objdump -h -S  display.elf  > "display.list"
arm-none-eabi-objcopy  -O binary  display.elf  "display.bin"
   text	   data	    bss	    dec	    hex	filename
   4684	     20	   1572	   6276	   1884	display.elf
Finished building: default.size.stdout
Finished building: display.bin
Finished building: display.list
 
 
 
10:09:50 **** Incremental Build of configuration Debug for project display ****
make -j4 all 
arm-none-eabi-size   display.elf 
   text	   data	    bss	    dec	    hex	filename
   4684	     20	   1572	   6276	   1884	display.elf
Finished building: default.size.stdout
 
10:10:19 **** Incremental Build of configuration Debug for project display ****
make -j4 all 
arm-none-eabi-size   display.elf 
   text	   data	    bss	    dec	    hex	filename
   4684	     20	   1572	   6276	   1884	display.elf
Finished building: default.size.stdout
 
10:10:47 **** Incremental Build of configuration Debug for project display ****
make -j4 all 
arm-none-eabi-size   display.elf 
   text	   data	    bss	    dec	    hex	filename
   4684	     20	   1572	   6276	   1884	display.elf
Finished building: default.size.stdout
 
10:19:22 **** Build of configuration Debug for project blink ****
make -j4 all 
arm-none-eabi-size   blink.elf 
   text	   data	    bss	    dec	    hex	filename
   4584	     20	   1572	   6176	   1820	blink.elf
Finished building: default.size.stdout
 
10:19:44 **** Incremental Build of configuration Debug for project blink ****
make -j4 all 
arm-none-eabi-size   blink.elf 
   text	   data	    bss	    dec	    hex	filename
   4584	     20	   1572	   6176	   1820	blink.elf
Finished building: default.size.stdout
 
10:20:28 **** Incremental Build of configuration Debug for project blink ****
make -j4 all 
arm-none-eabi-size   blink.elf 
   text	   data	    bss	    dec	    hex	filename
   4584	     20	   1572	   6176	   1820	blink.elf
Finished building: default.size.stdout
 
10:23:03 **** Incremental Build of configuration Debug for project blink ****
make -j4 all 
arm-none-eabi-size   blink.elf 
   text	   data	    bss	    dec	    hex	filename
   4584	     20	   1572	   6176	   1820	blink.elf
Finished building: default.size.stdout
 
10:23:19 **** Build of configuration Debug for project button ****
make -j4 all 
arm-none-eabi-size   button.elf 
   text	   data	    bss	    dec	    hex	filename
   4636	     20	   1572	   6228	   1854	button.elf
Finished building: default.size.stdout
 
10:27:34 **** Incremental Build of configuration Debug for project button ****
make -j4 all 
arm-none-eabi-size   button.elf 
   text	   data	    bss	    dec	    hex	filename
   4636	     20	   1572	   6228	   1854	button.elf
Finished building: default.size.stdout
 
10:28:01 **** Incremental Build of configuration Debug for project blink ****
make -j4 all 
arm-none-eabi-size   blink.elf 
   text	   data	    bss	    dec	    hex	filename
   4584	     20	   1572	   6176	   1820	blink.elf
Finished building: default.size.stdout
 
10:36:31 **** Incremental Build of configuration Debug for project button ****
make -j4 all 
arm-none-eabi-size   button.elf 
   text	   data	    bss	    dec	    hex	filename
   4636	     20	   1572	   6228	   1854	button.elf
Finished building: default.size.stdout
 
10:56:06 **** Incremental Build of configuration Debug for project blink ****
make -j4 all 
arm-none-eabi-size   blink.elf 
   text	   data	    bss	    dec	    hex	filename
   4584	     20	   1572	   6176	   1820	blink.elf
Finished building: default.size.stdout
 
10:56:12 **** Incremental Build of configuration Debug for project blink ****
make -j4 all 
arm-none-eabi-size   blink.elf 
   text	   data	    bss	    dec	    hex	filename
   4584	     20	   1572	   6176	   1820	blink.elf
Finished building: default.size.stdout
 
10:56:23 **** Incremental Build of configuration Debug for project blink ****
make -j4 all 
arm-none-eabi-size   blink.elf 
   text	   data	    bss	    dec	    hex	filename
   4584	     20	   1572	   6176	   1820	blink.elf
Finished building: default.size.stdout
 
10:56:37 **** Incremental Build of configuration Debug for project blink ****
make -j4 all 
arm-none-eabi-size   blink.elf 
   text	   data	    bss	    dec	    hex	filename
   4584	     20	   1572	   6176	   1820	blink.elf
Finished building: default.size.stdout
 
10:56:45 **** Incremental Build of configuration Debug for project blink ****
make -j4 all 
arm-none-eabi-size   blink.elf 
   text	   data	    bss	    dec	    hex	filename
   4584	     20	   1572	   6176	   1820	blink.elf
Finished building: default.size.stdout
 
10:58:11 **** Incremental Build of configuration Debug for project blink ****
make -j4 all 
arm-none-eabi-size   blink.elf 
   text	   data	    bss	    dec	    hex	filename
   4584	     20	   1572	   6176	   1820	blink.elf
Finished building: default.size.stdout
 
10:59:20 **** Incremental Build of configuration Debug for project blink ****
make -j4 all 
arm-none-eabi-size   blink.elf 
   text	   data	    bss	    dec	    hex	filename
   4584	     20	   1572	   6176	   1820	blink.elf
Finished building: default.size.stdout
 
12:00:20 **** Incremental Build of configuration Debug for project blink ****
make -j4 all 
arm-none-eabi-size   blink.elf 
   text	   data	    bss	    dec	    hex	filename
   4584	     20	   1572	   6176	   1820	blink.elf
Finished building: default.size.stdout
 
12:00:34 **** Incremental Build of configuration Debug for project blink ****
make -j4 all 
arm-none-eabi-size   blink.elf 
   text	   data	    bss	    dec	    hex	filename
   4584	     20	   1572	   6176	   1820	blink.elf
Finished building: default.size.stdout
 
12:32:59 **** Incremental Build of configuration Debug for project blink ****
make -j4 all 
arm-none-eabi-size   blink.elf 
   text	   data	    bss	    dec	    hex	filename
   4584	     20	   1572	   6176	   1820	blink.elf
Finished building: default.size.stdout
 
12:34:00 **** Incremental Build of configuration Debug for project blink ****
make -j4 all 
arm-none-eabi-size   blink.elf 
   text	   data	    bss	    dec	    hex	filename
   4584	     20	   1572	   6176	   1820	blink.elf
Finished building: default.size.stdout
 
12:42:31 **** Incremental Build of configuration Debug for project blink ****
make -j4 all 
arm-none-eabi-size   blink.elf 
   text	   data	    bss	    dec	    hex	filename
   4584	     20	   1572	   6176	   1820	blink.elf
Finished building: default.size.stdout
 
12:42:45 **** Incremental Build of configuration Debug for project blink ****
make -j4 all 
arm-none-eabi-size   blink.elf 
   text	   data	    bss	    dec	    hex	filename
   4584	     20	   1572	   6176	   1820	blink.elf
Finished building: default.size.stdout
 
12:43:43 **** Incremental Build of configuration Debug for project blink ****
make -j4 all 
arm-none-eabi-size   blink.elf 
   text	   data	    bss	    dec	    hex	filename
   4584	     20	   1572	   6176	   1820	blink.elf
Finished building: default.size.stdout
 
12:43:55 **** Incremental Build of configuration Debug for project blink ****
make -j4 all 
arm-none-eabi-size   blink.elf 
   text	   data	    bss	    dec	    hex	filename
   4584	     20	   1572	   6176	   1820	blink.elf
Finished building: default.size.stdout
 
12:44:04 **** Incremental Build of configuration Debug for project blink ****
make -j4 all 
arm-none-eabi-size   blink.elf 
   text	   data	    bss	    dec	    hex	filename
   4584	     20	   1572	   6176	   1820	blink.elf
Finished building: default.size.stdout
 
12:44:14 **** Incremental Build of configuration Debug for project blink ****
make -j4 all 
arm-none-eabi-size   blink.elf 
   text	   data	    bss	    dec	    hex	filename
   4584	     20	   1572	   6176	   1820	blink.elf
Finished building: default.size.stdout
 
12:44:33 **** Incremental Build of configuration Debug for project blink ****
make -j4 all 
arm-none-eabi-size   blink.elf 
   text	   data	    bss	    dec	    hex	filename
   4584	     20	   1572	   6176	   1820	blink.elf
Finished building: default.size.stdout
 
13:00:24 **** Incremental Build of configuration Debug for project blink ****
make -j4 all 
arm-none-eabi-size   blink.elf 
   text	   data	    bss	    dec	    hex	filename
   4584	     20	   1572	   6176	   1820	blink.elf
Finished building: default.size.stdout
 
13:00:34 **** Incremental Build of configuration Debug for project blink ****
make -j4 all 
arm-none-eabi-size   blink.elf 
   text	   data	    bss	    dec	    hex	filename
   4584	     20	   1572	   6176	   1820	blink.elf
Finished building: default.size.stdout
 
13:00:41 **** Incremental Build of configuration Debug for project blink ****
make -j4 all 
arm-none-eabi-size   blink.elf 
   text	   data	    bss	    dec	    hex	filename
   4584	     20	   1572	   6176	   1820	blink.elf
Finished building: default.size.stdout
 
13:01:03 **** Incremental Build of configuration Debug for project blink ****
make -j4 all 
arm-none-eabi-size   blink.elf 
   text	   data	    bss	    dec	    hex	filename
   4584	     20	   1572	   6176	   1820	blink.elf
Finished building: default.size.stdout
 
13:01:09 **** Incremental Build of configuration Debug for project blink ****
make -j4 all 
arm-none-eabi-size   blink.elf 
   text	   data	    bss	    dec	    hex	filename
   4584	     20	   1572	   6176	   1820	blink.elf
Finished building: default.size.stdout
 
13:01:15 **** Incremental Build of configuration Debug for project blink ****
make -j4 all 
arm-none-eabi-size   blink.elf 
   text	   data	    bss	    dec	    hex	filename
   4584	     20	   1572	   6176	   1820	blink.elf
Finished building: default.size.stdout
 
14:37:45 **** Build of configuration Debug for project blink ****
make -j4 all 
arm-none-eabi-size   blink.elf 
   text	   data	    bss	    dec	    hex	filename
   4584	     20	   1572	   6176	   1820	blink.elf
Finished building: default.size.stdout
 
